2023-08-08 10:43:32.797	[34mINFO[0m	Start to call printString function.	{"X-Request-ID": "7a7b9f24-4cae-4b2a-9464-69088b45b904"}
2023-08-08 10:43:32.797	[34mINFO[0m	Hello World	{"X-Request-ID": "7a7b9f24-4cae-4b2a-9464-69088b45b904"}
2023-08-08 10:44:46.638	[34mINFO[0m	Start to call printString function.	{"X-Request-ID": "7a7b9f24-4cae-4b2a-9464-69088b45b904"}
2023-08-08 10:44:46.638	[34mINFO[0m	Hello World	{"X-Request-ID": "7a7b9f24-4cae-4b2a-9464-69088b45b904"}
2023-08-08 10:44:46.638	[31mERROR[0m	Error Message World	{"X-Request-ID": "7a7b9f24-4cae-4b2a-9464-69088b45b904"}
2023-08-08 13:20:13.866	[34mINFO[0m	Start to call printString function.	{"X-Request-ID": "7a7b9f24-4cae-4b2a-9464-69088b45b904"}
2023-08-08 13:22:07.417	[34mINFO[0m	Hello World	{"X-Request-ID": "7a7b9f24-4cae-4b2a-9464-69088b45b904"}
2023-08-08 13:22:08.242	[31mERROR[0m	Error Message World	{"X-Request-ID": "7a7b9f24-4cae-4b2a-9464-69088b45b904"}
2023-08-08 13:34:25.350	[35mDEBUG[0m	This is a debug message
2023-08-08 13:34:25.350	[34mINFO[0m	This is info message	{"int_key": 10}
2023-08-08 13:34:25.350	[33mWARN[0m	This is a formatted warn message
2023-08-08 13:34:25.350	[31mERROR[0m	Message printed with Errorw	{"X-Request-ID": "fff54504-64da-4088-9b86-67824a7fb508"}
2023-08-08 13:34:25.350	[34mINFO[0m	Info message printed with [WithValues] logger	{"X-Request-ID": "fbf54504-64da-4088-9b86-67824a7fb508"}
2023-08-08 13:34:25.350	[35mDEBUG[0m	Debug message printed with [WithValues] logger
2023-08-08 13:34:25.350	[34mINFO[0m	Message printed with [WithContext] logger	{"X-Request-ID": "fbf54504-64da-4088-9b86-67824a7fb508"}
2023-08-08 13:34:25.350	[34mINFO[0m	test	Message printed with [WithName] logger	{"X-Request-ID": "fbf54504-64da-4088-9b86-67824a7fb508"}
2023-08-08 13:34:25.350	[34mINFO[0m	This is a V level message
2023-08-08 13:34:25.350	[31mERROR[0m	This is a V level message with fields	{"X-Request-ID": "9bf54504-64da-4088-9b86-67824a7fb508"}
2023-08-08 13:35:37.080	[35mDEBUG[0m	This is a debug message
2023-08-08 13:35:37.080	[34mINFO[0m	This is info message	{"int_key": 10}
2023-08-08 13:35:37.080	[33mWARN[0m	This is a formatted warn message
2023-08-08 13:35:37.080	[31mERROR[0m	Message printed with Errorw	{"X-Request-ID": "fff54504-64da-4088-9b86-67824a7fb508"}
2023-08-08 13:35:37.080	[34mINFO[0m	Info message printed with [WithValues] logger	{"X-Request-ID": "fbf54504-64da-4088-9b86-67824a7fb508"}
2023-08-08 13:35:37.081	[31mERROR[0m	Ignored key without a value.	{"X-Request-ID": "fbf54504-64da-4088-9b86-67824a7fb508", "ignored": null}
2023-08-08 13:35:37.080	[35mDEBUG[0m	Debug message printed with [WithValues] logger	{"X-Request-ID": "fbf54504-64da-4088-9b86-67824a7fb508"}
2023-08-08 13:35:37.081	[34mINFO[0m	Message printed with [WithContext] logger	{"X-Request-ID": "fbf54504-64da-4088-9b86-67824a7fb508"}
2023-08-08 13:35:37.081	[34mINFO[0m	test	Message printed with [WithName] logger	{"X-Request-ID": "fbf54504-64da-4088-9b86-67824a7fb508"}
2023-08-08 13:35:37.081	[34mINFO[0m	This is a V level message
2023-08-08 13:35:37.081	[31mERROR[0m	This is a V level message with fields	{"X-Request-ID": "9bf54504-64da-4088-9b86-67824a7fb508"}
